Words/Phrases: 33360
Nodes: 5936
Minimum depth: 10
Maximum depth: 15
Frequency of grendel: 73
Frequency of beowulf: 156
Frequency of miley cyrus: 0
Frequency of shields: 2
Frequency of shields: 1
Frequency of shields: 0
Words/Phrases: 33358
Nodes: 5935
Minimum depth: 10
Maximum depth: 15
