Words/Phrases: 2483
Nodes: 1287
Minimum depth: 2
Maximum depth: 23
