Words/Phrases: 24463
Nodes: 9221
Minimum depth: 11
Maximum depth: 16
