0: jumped-B(jumped-B)-
1: fox-R(jumped-B)-l quickity quick-R(jumped-B)-r
2: brown-B(fox-R)-l girl-B(fox-R)-r over-B(quickity quick-R)-l =the-2-B(quickity quick-R)-r
3: =and-R(brown-B)-l =dog-R(brown-B)-r =her-R(girl-B)-r =lazy-2-R(over-B)-l
